{
    "txt": {
        "content": [
            [
                [
                    {
                        "id": "sample_1"
                    },
                    "sample_1_diamond_matches.txt:md5,2ab4e98a261f400d8729ef477b3e3c64"
                ]
            ]
        ],
        "timestamp": "2023-12-04T16:09:10.615995591"
    },
    "versions": {
        "content": [
            [
                "versions.yml:md5,b9ec8aabc26aa6c5129da76c119e60b0"
            ]
        ],
        "timestamp": "2023-12-04T16:09:10.503684754"
    },
    "faa": {
        "content": [
            [
                [
                    {
                        "id": "sample_1"
                    },
                    "sample_1_amp.faa:md5,9d7f55164e093c8eabbe84ceec8135de"
                ]
            ]
        ],
        "timestamp": "2023-12-04T16:09:10.509986012"
    },
    "csv": {
        "content": [
            [
                [
                    {
                        "id": "sample_1"
                    },
                    "sample_1_ampcombi.csv:md5,e550e389617a1139387310544c6e555f"
                ]
            ]
        ],
        "timestamp": "2023-12-04T16:09:10.517288948"
    }
}